../Core/Src/main.c:81:5:main	8	static
../Core/Src/main.c:155:6:SystemClock_Config	88	static
../Core/Src/main.c:202:13:MX_TIM1_Init	96	static
../Core/Src/main.c:277:13:MX_TIM2_Init	48	static
../Core/Src/main.c:335:13:MX_USART2_UART_Init	8	static
../Core/Src/main.c:366:13:MX_DMA_Init	16	static
../Core/Src/main.c:384:13:MX_GPIO_Init	48	static
../Core/Src/main.c:413:7:IC_Calc_Period	32	static
../Core/Src/main.c:433:7:RPMCONVERT	4	static
../Core/Src/main.c:437:6:RPMCONTROL	8	static
../Core/Src/main.c:454:6:Error_Handler	4	static,ignoring_inline_asm
